// Jest Snapshot v1, https://goo.gl/fbAQLP

exports[`Snapshot testing Se renderiza correctamente 1`] = `
<div>
  <div
    style={
      Object {
        "border": "1px solid #b8b894",
        "borderRadius": "8px",
        "boxShadow": "4px 5px 4px -3px rgba(97,97,97,1)",
        "display": "block",
        "margin": "20px auto auto",
        "padding": "10px",
        "width": "50%",
      }
    }
  >
    <h3>
      Añadir Asignatura
    </h3>
    <form
      onSubmit={[Function]}
    >
      <input
        id="codplan"
        min="0"
        name="codplan"
        onChange={[Function]}
        placeholder="Código Plan"
        required="required"
        style={
          Object {
            "marginLeft": "1px",
            "marginRight": "1px",
          }
        }
        type="number"
      />
      <input
        id="plan"
        name="plan"
        onChange={[Function]}
        placeholder="Plan"
        required="required"
        style={
          Object {
            "marginLeft": "1px",
            "marginRight": "1px",
          }
        }
        type="text"
      />
      <input
        id="area"
        name="area"
        onChange={[Function]}
        placeholder="Área"
        required="required"
        style={
          Object {
            "marginLeft": "1px",
            "marginRight": "1px",
          }
        }
        type="text"
      />
      <input
        id="codasig"
        min="0"
        name="codasig"
        onChange={[Function]}
        placeholder="Código"
        required="required"
        style={
          Object {
            "marginLeft": "1px",
            "marginRight": "1px",
          }
        }
        type="number"
      />
      <input
        id="nombre"
        name="nombre"
        onChange={[Function]}
        placeholder="Nombre"
        required="required"
        style={
          Object {
            "marginLeft": "1px",
            "marginRight": "1px",
          }
        }
        type="text"
      />
      <input
        id="curso"
        min="0"
        name="curso"
        onChange={[Function]}
        placeholder="Curso"
        required="required"
        style={
          Object {
            "marginLeft": "1px",
            "marginRight": "1px",
          }
        }
        type="number"
      />
      <input
        id="periodo"
        name="periodo"
        onChange={[Function]}
        placeholder="Período"
        required="required"
        style={
          Object {
            "marginLeft": "1px",
            "marginRight": "1px",
          }
        }
        type="text"
      />
      <input
        id="horasestteoria"
        min="0"
        name="horasestteoria"
        onChange={[Function]}
        placeholder="Horas Estud Teoría"
        required="required"
        step=".001"
        style={
          Object {
            "marginLeft": "1px",
            "marginRight": "1px",
          }
        }
        type="number"
      />
      <input
        id="horasestproblemas"
        min="0"
        name="horasestproblemas"
        onChange={[Function]}
        placeholder="Horas Estud Problemas"
        required="required"
        step=".001"
        style={
          Object {
            "marginLeft": "1px",
            "marginRight": "1px",
          }
        }
        type="number"
      />
      <input
        id="horasestpracticas"
        min="0"
        name="horasestpracticas"
        onChange={[Function]}
        placeholder="Horas Estud Prácticas"
        required="required"
        step=".001"
        style={
          Object {
            "marginLeft": "1px",
            "marginRight": "1px",
          }
        }
        type="number"
      />
      <input
        id="destvinculo"
        min="0"
        name="destvinculo"
        onChange={[Function]}
        placeholder="Destino Vínculo"
        required="required"
        style={
          Object {
            "marginLeft": "1px",
            "marginRight": "1px",
          }
        }
        type="number"
      />
      <br />
      <button
        class="btn btn-info btn-md"
        style={
          Object {
            "marginLeft": "0%",
            "marginTop": "10px",
            "width": "150px",
          }
        }
        type="submit"
      >
        Añadir 
      </button>
    </form>
    <div>
      <br />
      <br />
      <p
        style={
          Object {
            "fontWeight": "bold",
          }
        }
      >
        Añadir asignaturas desde un archivo excel
      </p>
      <div
        id="fileform"
      >
        <form
          onSubmit={[Function]}
        >
          <label>
            <input
              id="file"
              name="file"
              type="file"
            />
          </label>
          <input
            class="btn btn-info btn-md"
            id="añadirButton"
            style={
              Object {
                "marginLeft": "2%",
              }
            }
            type="submit"
            value="Añadir"
          />
        </form>
      </div>
    </div>
  </div>
  <div
    className="tablaAsignaturas"
  >
    <form
      onSubmit={[Function]}
    >
      <table
        class="table table-hover"
      >
        <thead>
          <tr
            class="table-light"
          >
            <th
              scope="col"
            >
              Código Plan
            </th>
            <th
              scope="col"
            >
              Plan
            </th>
            <th
              scope="col"
            >
              Área
            </th>
            <th
              scope="col"
            >
              Código
            </th>
            <th
              scope="col"
            >
              Nombre
            </th>
            <th
              scope="col"
            >
              Curso
            </th>
            <th
              scope="col"
            >
              Período
            </th>
            <th
              scope="col"
            >
              Horas Estud Teoría
            </th>
            <th
              scope="col"
            >
              Horas Estud Problemas
            </th>
            <th
              scope="col"
            >
              Horas Estud Prácticas
            </th>
            <th
              scope="col"
            >
              Destino Vínculo
            </th>
            <th
              scope="col"
            >
              Acciones
            </th>
          </tr>
        </thead>
        <tbody />
      </table>
    </form>
  </div>
</div>
`;
